// Jest Snapshot v1, https://goo.gl/fbAQLP

exports[`<bolt-typeahead> Component Typeahead Twig Template Renders 1`] = `
<form action="https://www.pega.com/search"
      target="_blank"
      method="GET"
>
  <bolt-typeahead class="js-typeahead-hook"
                  max-results="5"
  >
    <div class="c-bolt-typeahead">
      <label for="12345"
             class="c-bolt-typeahead__label"
      >
        <span class="u-bolt-visuallyhidden">
        </span>
      </label>
      <input id="12345"
             type="text"
             autocomplete="off"
             aria-autocomplete="list"
             class="c-bolt-typeahead__input"
             placeholder="Enter your search query"
             value
             required
             name
      >
      <bolt-button size="medium"
                   color="text"
                   width="auto"
                   border-radius="regular"
                   align="center"
                   transform="none"
                   icon-only
                   onclick="this.previousElementSibling.focus()"
                   class="c-bolt-typeahead__button c-bolt-typeahead__button--clear"
      >
        <button type="reset"
                class="c-bolt-button c-bolt-button--medium c-bolt-button--text c-bolt-button--border-radius-regular c-bolt-button--center c-bolt-button--icon-only"
                is="shadow-root"
        >
          <ssr-keep for="bolt-button"
                    class="c-bolt-button__item"
          >
            Clear search results
          </ssr-keep>
          <ssr-keep for="bolt-typeahead"
                    class="c-bolt-button__icon"
          >
            <bolt-icon class="c-bolt-typeahead__icon"
                       name="close-solid"
            >
              <span class="c-bolt-icon c-bolt-icon--close-solid">
                <svg class="c-bolt-icon__icon"
                     xmlns="http://www.w3.org/2000/svg"
                     data-name="Layer 1"
                     viewbox="0 0 22 22"
                >
                  <path fill="var(--bolt-theme-icon, currentColor)"
                        d="M11 0a11 11 0 1011 11A11 11 0 0011 0zm3.5 13.1a1 1 0 010 1.4 1 1 0 01-1.4 0l-2.1-2-2.1 2a1 1 0 01-1.4 0 1 1 0 010-1.4l2-2.1-2-2.1a1 1 0 011.4-1.4l2.1 2 2.1-2a1 1 0 011.4 1.4l-2 2.1z"
                  >
                  </path>
                </svg>
              </span>
            </bolt-icon>
          </ssr-keep>
        </button>
      </bolt-button>
      <div class="c-bolt-typeahead__button c-bolt-typeahead__button--submit">
        <bolt-button size="medium"
                     color="text"
                     width="auto"
                     border-radius="regular"
                     align="center"
                     transform="none"
                     icon-only
                     class="js-typeahead-hook"
        >
          <button type="submit"
                  class="c-bolt-button c-bolt-button--medium c-bolt-button--text c-bolt-button--border-radius-regular c-bolt-button--center c-bolt-button--icon-only"
                  is="shadow-root"
          >
            <ssr-keep for="bolt-button"
                      class="c-bolt-button__item"
            >
              Submit search query
            </ssr-keep>
            <ssr-keep for="bolt-typeahead"
                      class="c-bolt-button__icon"
            >
              <bolt-icon class="c-bolt-typeahead__icon"
                         name="search"
              >
                <span class="c-bolt-icon c-bolt-icon--search">
                  <svg class="c-bolt-icon__icon"
                       xmlns="http://www.w3.org/2000/svg"
                       viewbox="0 0 24 24"
                  >
                    <g fill="none"
                       fill-rule="evenodd"
                    >
                      <path>
                      </path>
                      <path fill="var(--bolt-theme-icon, currentColor)"
                            d="M9.5 15a5.5 5.5 0 110-11 5.5 5.5 0 010 11m12.2 5.3L15.5 14c1-1.3 1.5-2.9 1.5-4.6a7.5 7.5 0 10-3 6l6.3 6.2a1 1 0 001.4-1.4"
                      >
                      </path>
                    </g>
                  </svg>
                </span>
              </bolt-icon>
            </ssr-keep>
          </button>
        </bolt-button>
      </div>
    </div>
  </bolt-typeahead>
</form>
`;
